// Jest Snapshot v1, https://goo.gl/fbAQLP

exports[`AppLayout tests should render AppLayout component 1`] = `
<Page
  defaultManagedSidebarIsOpen={true}
  header={
    <Unknown
      headerTools={
        <Unknown>
          <a
            className="pf-c-page__header-brand-link"
          >
            Admin
          </a>
          Â 
          <Unknown
            onClick={[Function]}
          >
             LOGOUT 
          </Unknown>
        </Unknown>
      }
      isNavOpen={true}
      logo="Mass Open Cloud"
      onNavToggle={[Function]}
      showNavToggle={true}
    />
  }
  isManagedSidebar={false}
  mainContainerId="primary-app-container"
  mainTabIndex={-1}
  onPageResize={[Function]}
  sidebar={
    <Unknown
      isNavOpen={false}
      nav={
        <Nav
          id="nav-primary-simple"
          onSelect={[Function]}
          onToggle={[Function]}
          theme="dark"
        >
          <NavList
            ariaLeftScroll="Scroll left"
            ariaRightScroll="Scroll right"
            id="nav-list-simple"
          >
            <Unknown
              id="Dashboard-0"
            >
              <NavLink
                activeClassName="pf-m-current"
                exact={true}
                to="/"
              >
                Dashboard
              </NavLink>
            </Unknown>
            <Unknown
              id="Openshift-1"
            >
              <NavLink
                activeClassName="pf-m-current"
                exact={true}
                to="/openshift"
              >
                Openshift
              </NavLink>
            </Unknown>
            <Unknown
              id="Support-2"
            >
              <NavLink
                activeClassName="pf-m-current"
                exact={true}
                to="/support"
              >
                Support
              </NavLink>
            </Unknown>
            <Unknown
              id="Reports-3"
            >
              <NavLink
                activeClassName="pf-m-current"
                exact={true}
                to="/reports"
              >
                Reports
              </NavLink>
            </Unknown>
          </NavList>
        </Nav>
      }
      theme="dark"
    />
  }
>
  <span />
</Page>
`;
