// Jest Snapshot v1, https://goo.gl/fbAQLP

exports[`App tests should render default App component 1`] = `
<div
  aria-label="OCP Metering"
  role="heading"
>
  <LoginPage
    setEmail={[Function]}
    setRole={[Function]}
  />
</div>
`;
